    Finished `test` profile [unoptimized + debuginfo] target(s) in 0.10s
     Running test/component/subqueries.rs (target/debug/deps/subqueries-22ba67c27c15926a)

running 14 tests
test contracts::nested_plan_validation_checks_scope_types_schema_and_total_depth ... ok
test decorrelation::decorrelated_prepared_queries_rebuild_from_each_visible_snapshot ... ok
test decorrelation::decorrelated_floating_keys_keep_nan_signed_zero_and_null_equality ... ok
test contracts::membership_retains_type_adapters_and_primitive_comparison_semantics ... ok
test failures::both_subquery_adapters_cancel_during_nested_input_and_leave_connection_usable ... ok
test decorrelation::rewrite_requires_total_immediate_correlation_and_budgeted_snapshot_metadata ... ok
test failures::malformed_subquery_values_and_late_cancellation_remain_errors ... ok
test prepared_subqueries_rebind_and_preserve_transaction_visibility_and_atomic_errors ... ok
test contracts::demand_short_circuit_effects_and_resource_limits_are_explicit ... ok
test failures::physical_subplans_are_prepared_once_without_reusing_correlated_results ... ok
test contracts::concurrent_nested_queries_keep_outer_frames_and_owned_results_independent ... ok
test contracts::file_backed_subquery_mutations_survive_rollback_checkpoint_and_restart ... ok
test decorrelation::decorrelation_preserves_nulls_duplicates_order_scope_and_empty_inputs ... ok
test subquery_adapters_share_sql_scope_null_cardinality_and_mutation_contracts ... ok

test result: ok. 14 passed; 0 failed; 0 ignored; 0 measured; 0 filtered out; finished in 0.72s

     Running test/component/types.rs (target/debug/deps/types-1a30fdac66d99010)

running 10 tests
test registered_metadata_preserves_the_primitive_value_footprint ... ok
test keys::column_keys_match_scalar_keys_and_validate_before_visiting ... ok
test keys::key_writer_preserves_prefixes_on_partial_failure_cancellation_and_size_errors ... ok
test registered_adapters_share_comparison_keys_parameters_and_ownership ... ok
test malformed_function_and_operator_values_never_escape_or_become_try_cast_nulls ... ok
test keys::integer_grouping_respects_the_registered_key_representation ... ok
test type_metadata_limits_and_retained_index_semantics_are_checked ... ok
test keys::integer_membership_uses_the_selected_key_capability_and_keeps_byte_key_failures ... ok
test missing_registration_and_unsupported_native_encoding_preserve_files ... ok
test registered_values_work_through_sql_relational_operators_and_private_restart ... ok

test result: ok. 10 passed; 0 failed; 0 ignored; 0 measured; 0 filtered out; finished in 0.60s

