Reference (development): v2.0.0-dev84019 (Development Version) 99063af2bd
Executable: /Users/jacobthomas/code/ddb/duckdb/build/engine-walkthrough/duckdb
SHA-256: e74ba6fda8b420678a2b2e2d4b434f97a68697f8523b0297b9535178ad8d54c2
{
  "recorded_at": "2026-09-09T19:45:57.788305+00:00",
  "source_sha256": "a78d6faf24e9caeb32cb74ec67ea7ace8976c39efde00d32c239ff1d89363112",
  "reference": "v2.0.0-dev84019 (Development Version) 99063af2bd",
  "reference_identity": {
    "target": "development",
    "required_version": "2.0.0-dev84019",
    "required_revision": "99063af2bd7092aff02e14184a20e24699d34d71",
    "reported_source_id": "99063af2bd",
    "version": "v2.0.0-dev84019 (Development Version) 99063af2bd",
    "path": "/Users/jacobthomas/code/ddb/duckdb/build/engine-walkthrough/duckdb",
    "sha256": "e74ba6fda8b420678a2b2e2d4b434f97a68697f8523b0297b9535178ad8d54c2"
  },
  "rustc": "rustc 1.96.0 (ac68faa20 2026-05-25)",
  "platform": "macOS-26.5-arm64-arm-64bit-Mach-O",
  "rust_binary_sha256": "fdaaaf3e9ae8f21084c157280cc9d8be7da9dd8449002d717a57492ca80f8ef6",
  "checks": [],
  "result": "failed",
  "campaign_completed": false,
  "error": {
    "type": "RuntimeError",
    "message": "duckdb: SELECT * FROM t\nINTERNAL Error: Attempted to access index 0 within vector of size 0\nThis error signals an assertion failure within DuckDB. This usually occurs due to unexpected conditions or errors in the program's logic.\nFor more information, see https://duckdb.org/docs/current/dev/internal_errors\n\nStack Trace:\n\n0        duckdb::Exception::ToJSON(duckdb::ExceptionType, std::__1::basic_string<char, std::__1::char_traits<char>, std::__1::allocator<char>> const&) + 48\n1        duckdb::InternalException::InternalException(std::__1::basic_string<char, std::__1::char_traits<char>, std::__1::allocator<char>> const&) + 32\n2        duckdb::InternalException::InternalException<unsigned long long&, unsigned long long&>(std::__1::basic_string<char, std::__1::char_traits<char>, std::__1::allocator<char>> const&, unsigned long long&, unsigned long long&) + 136\n3        duckdb::ThrowVectorIndexOutOfBounds(unsigned long long, unsigned long long) + 120\n4        duckdb_shell::ShellState::RenderTableMetadata(duckdb::vector<duckdb_shell::ShellTableInfo, true, std::__1::allocator<duckdb_shell::ShellTableInfo>>&) (.cold.1) + 0\n5        duckdb::Catalog::CreateTable(duckdb::ClientContext&, duckdb::BoundCreateTableInfo&) + 0\n6        duckdb::CheckpointReader::ReadTable(duckdb::CatalogTransaction, duckdb::Deserializer&) + 148\n7        duckdb::CheckpointReader::ReadEntry(duckdb::CatalogTransaction, duckdb::Deserializer&) + 556\n8        duckdb::CheckpointReader::LoadCheckpoint(duckdb::CatalogTransaction, duckdb::MetadataReader&) + 304\n9        duckdb::SingleFileCheckpointReader::LoadFromStorage() + 332\n10       duckdb::SingleFileStorageManager::LoadDatabase(duckdb::QueryContext) + 1404\n11       duckdb::StorageManager::Initialize(duckdb::QueryContext) + 120\n12       duckdb::DatabaseManager::AttachDatabase(duckdb::ClientContext&, duckdb::AttachInfo&, duckdb::AttachOptions&) + 1392\n13       duckdb::DatabaseInstance::CreateMainDatabase() + 380\n14       duckdb::DatabaseInstance::Initialize(char const*, duckdb::DBConfig*) + 2024\n15       duckdb::DuckDB::DuckDB(char const*, duckdb::DBConfig*) + 56\n16       duckdb_shell::ShellState::OpenDB(duckdb_shell::ShellOpenFlags) + 232\n17       RunShell(int, char const**) + 2476\n18       main + 56\n19       start + 6992\n\n"
  },
  "complete_compatibility_parity": false,
  "scope": "Existing file/query campaign for the supported subset. Checks after an error are unexecuted obligations. No full compatibility claim.",
  "elapsed_seconds": 0.29
}
