   Compiling duckdb-rust v0.1.0 (/Users/jacobthomas/code/ddb/duckdb-rust)
    Finished `test` profile [unoptimized + debuginfo] target(s) in 1.05s
     Running test/component/execution.rs (target/debug/deps/execution-2699e8b248f6ffad)

running 10 tests
test sorting::keys::integer_ordering_capability_rejects_other_physical_types ... ok
test sorting::effects::radix_sort_rejects_malformed_expression_batch_shapes ... ok
test sorting::sorting_respects_resource_limits_cancellation_and_result_ownership ... ok
test sorting::keys::integer_ordering_does_not_bypass_logical_validation ... FAILED
test sorting::sorting_validates_keys_even_when_no_comparisons_are_needed ... FAILED
test sorting::keys::ordering_capability_is_independent_of_integer_equality_and_preserves_failures ... ok
test sorting::effects::sorting_and_projection_keep_row_effect_order_first_errors_and_owned_results ... ok
test sorting::sorting_preserves_stable_lexicographic_order_for_widths_nulls_and_encodings ... ok
test sorting::sorting_algorithms_share_sql_ordering_across_compositions ... ok
test sorting::order_all_preserves_complete_row_order_across_many_input_batches ... ok

failures:

---- sorting::keys::integer_ordering_does_not_bypass_logical_validation stdout ----

thread 'sorting::keys::integer_ordering_does_not_bypass_logical_validation' (8926719) panicked at test/component/execution/sorting/keys.rs:123:9:
comparison-sort accepted an invalid logical sort key

---- sorting::sorting_validates_keys_even_when_no_comparisons_are_needed stdout ----

thread 'sorting::sorting_validates_keys_even_when_no_comparisons_are_needed' (8926725) panicked at test/component/execution/sorting.rs:276:9:
comparison-sort accepted invalid singleton key
note: run with `RUST_BACKTRACE=1` environment variable to display a backtrace


failures:
    sorting::keys::integer_ordering_does_not_bypass_logical_validation
    sorting::sorting_validates_keys_even_when_no_comparisons_are_needed

test result: FAILED. 8 passed; 2 failed; 0 ignored; 0 measured; 28 filtered out; finished in 0.42s

error: test failed, to rerun pass `--test execution`
