   Compiling duckdb-rust v0.1.0 (/Users/jacobthomas/code/ddb/duckdb-rust)
error[E0277]: `?` couldn't convert the error to `duckdb_rust::Error`
   --> test/component/execution/sorting/keys.rs:265:46
    |
185 | fn sorting_fallback_preserves_string_boolean_float_order_and_payload_bits() -> Result<()> {
    |                                                                                ---------- expected `duckdb_rust::Error` because of this
...
265 |                 serde_json::to_value(&result)?,
    |                 -----------------------------^ the trait `std::convert::From<serde_json::Error>` is not implemented for `duckdb_rust::Error`
    |                 |
    |                 this can't be annotated with `?` because it has type `Result<_, serde_json::Error>`
    |
    = note: the question mark operation (`?`) implicitly performs a conversion on the error value using the `From` trait
help: the trait `From<serde_json::Error>` is not implemented for `duckdb_rust::Error`
      but trait `From<std::io::Error>` is implemented for it
   --> src/common/error.rs:34:10
    |
 34 |     Io(#[from] std::io::Error),
    |          ^^^^
    = help: for that trait implementation, expected `std::io::Error`, found `serde_json::Error`

error[E0277]: `?` couldn't convert the error to `duckdb_rust::Error`
   --> test/component/execution/sorting/keys.rs:266:48
    |
185 | fn sorting_fallback_preserves_string_boolean_float_order_and_payload_bits() -> Result<()> {
    |                                                                                ---------- expected `duckdb_rust::Error` because of this
...
266 |                 serde_json::to_value(&expected)?,
    |                 -------------------------------^ the trait `std::convert::From<serde_json::Error>` is not implemented for `duckdb_rust::Error`
    |                 |
    |                 this can't be annotated with `?` because it has type `Result<_, serde_json::Error>`
    |
    = note: the question mark operation (`?`) implicitly performs a conversion on the error value using the `From` trait
help: the trait `From<serde_json::Error>` is not implemented for `duckdb_rust::Error`
      but trait `From<std::io::Error>` is implemented for it
   --> src/common/error.rs:34:10
    |
 34 |     Io(#[from] std::io::Error),
    |          ^^^^
    = help: for that trait implementation, expected `std::io::Error`, found `serde_json::Error`

For more information about this error, try `rustc --explain E0277`.
error: could not compile `duckdb-rust` (test "execution") due to 2 previous errors
