   Compiling duckdb-rust v0.1.0 (/Users/jacobthomas/code/ddb/duckdb-rust)
    Finished `test` profile [unoptimized + debuginfo] target(s) in 4.78s
     Running test/component/grouping.rs (target/debug/deps/grouping-ad169669fa8194f3)

running 9 tests
test columns::group_destinations_validate_shape_counts_cancellation_and_resources ... ok
test grouping_evaluates_inputs_once_and_isolates_distinct_and_filter_states ... ok
test columns::grouped_count_handles_nullable_strings_and_cancelled_empty_states ... ok
test grouping_prepared_queries_keep_snapshot_visibility_and_atomic_mutations ... ok
test columns::grouped_functions_replace_storage_without_changing_sql_and_reject_bad_adapters ... ok
test grouping_boundaries_reject_invalid_ordinals_masks_expansion_and_resources ... ok
test domains::integer_grouping_matches_an_independent_cube_across_dense_sparse_and_null_domains ... ok
test columns::grouped_integer_states_match_scalar_states_for_encodings_widths_and_empty_groups ... ok
test grouping_algorithms_share_the_sql_contract_across_compositions ... ok

test result: ok. 9 passed; 0 failed; 0 ignored; 0 measured; 0 filtered out; finished in 0.34s

     Running test/component/settings.rs (target/debug/deps/settings-9ecda813c59c3fb6)

running 8 tests
test contracts::configuration_providers_share_typed_registration_snapshot_and_failure_contracts ... ok
test values::noncanonical_setting_changes_fail_before_publication ... ok
test contracts::contextual_functions_retain_typed_settings_across_batches_and_other_writers ... ok
test contracts::configuration_and_contextual_functions_reject_invalid_adapter_values ... ok
test contracts::scheduler_failures_never_publish_nontransactional_settings ... ok
test global_session_and_prepared_views_preserve_scope_and_transaction_lifetimes ... ok
test values::floating_settings_preserve_nan_payloads_signed_zero_and_null_across_publication ... ok
test ordering_configuration_runs_through_both_providers_and_execution_compositions ... ok

test result: ok. 8 passed; 0 failed; 0 ignored; 0 measured; 0 filtered out; finished in 0.35s

     Running test/sql.rs (target/debug/deps/sql-3e439489c214fb0a)

running 3 tests
test sql_harness_keeps_named_transactions_and_default_session_independent ... ok
test sql_harness_rejects_wrong_results_errors_and_unavailable_capabilities ... ok
test sql_logic_corpus ... ok

test result: ok. 3 passed; 0 failed; 0 ignored; 0 measured; 0 filtered out; finished in 0.04s

